<?xml version="1.0" encoding="UTF-8"?>
<TestRun id="424eee1b-69ce-421e-9296-2184a1b4e434" name="User@USER-F00A024A8D 2014-05-30 10:28:04" runUser="USER-F00A024A8D\User" xmlns="http://microsoft.com/schemas/VisualStudio/TeamTest/2010">
  <TestSettings name="Local" id="699d0b0f-de9b-4ec3-b2fd-9daf7c41796a">
    <Description>These are default test settings for a local test run.</Description>
    <Deployment enabled="false" runDeploymentRoot="User_USER-F00A024A8D 2014-05-30 10_28_04" />
    <Execution>
      <TestTypeSpecific />
      <AgentRule name="Execution Agents">
      </AgentRule>
    </Execution>
  </TestSettings>
  <Times creation="2014-05-30T10:28:04.4687500+08:00" queuing="2014-05-30T10:28:06.1562500+08:00" start="2014-05-30T10:28:06.4062500+08:00" finish="2014-05-30T10:28:07.0000000+08:00" />
  <ResultSummary outcome="Completed">
    <Counters total="1" executed="1" passed="1" error="0" failed="0" timeout="0" aborted="0" inconclusive="0" passedButRunAborted="0" notRunnable="0" notExecuted="0" disconnected="0" warning="0" completed="0" inProgress="0" pending="0" />
  </ResultSummary>
  <TestDefinitions>
    <UnitTest name="TestMethod1" storage="c:\documents and settings\user\my documents\visual studio 2010\projects\webapplication1\testproject1\bin\debug\testproject1.dll" id="59863143-3238-122e-4d8a-637b491cc755">
      <Execution id="7ee7b409-7c9d-4a28-96bc-24a88fb1a4f8" />
      <TestMethod codeBase="C:/Documents and Settings/User/My Documents/Visual Studio 2010/Projects/WebApplication1/TestProject1/bin/Debug/TestProject1.DLL" adapterTypeName="Microsoft.VisualStudio.TestTools.TestTypes.Unit.UnitTestAdapter, Microsoft.VisualStudio.QualityTools.Tips.UnitTest.Adapter, Version=10.0.0.0, Culture=neutral, PublicKeyToken=b03f5f7f11d50a3a" className="TestProject1.UnitTest1, TestProject1, Version=1.0.0.0, Culture=neutral, PublicKeyToken=null" name="TestMethod1" />
    </UnitTest>
  </TestDefinitions>
  <TestLists>
    <TestList name="Results Not in a List" id="8c84fa94-04c1-424b-9868-57a2d4851a1d" />
    <TestList name="All Loaded Results" id="19431567-8539-422a-85d7-44ee4e166bda" />
  </TestLists>
  <TestEntries>
    <TestEntry testId="59863143-3238-122e-4d8a-637b491cc755" executionId="7ee7b409-7c9d-4a28-96bc-24a88fb1a4f8" testListId="8c84fa94-04c1-424b-9868-57a2d4851a1d" />
  </TestEntries>
  <Results>
    <UnitTestResult executionId="7ee7b409-7c9d-4a28-96bc-24a88fb1a4f8" testId="59863143-3238-122e-4d8a-637b491cc755" testName="TestMethod1" computerName="USER-F00A024A8D" duration="00:00:00.0134651" startTime="2014-05-30T10:28:06.5312500+08:00" endTime="2014-05-30T10:28:06.8593750+08:00" testType="13cdc9d9-ddb5-4fa4-a97d-d965ccfc6d4b" outcome="Passed" testListId="8c84fa94-04c1-424b-9868-57a2d4851a1d" relativeResultsDirectory="7ee7b409-7c9d-4a28-96bc-24a88fb1a4f8">
    </UnitTestResult>
  </Results>
</TestRun>